// Jest Snapshot v1, https://goo.gl/fbAQLP

exports[`should render Comments Snapshot 1`] = `
<DocumentFragment>
  <div>
    <span
      class="PostDisplay-ShowComments"
    >
      ShowÂ Comments
    </span>
  </div>
</DocumentFragment>
`;
