// Jest Snapshot v1, https://goo.gl/fbAQLP

exports[`should render CourseList as Fragment 1`] = `
<DocumentFragment>
  <div
    class="courseListContainer false"
    id="CourseList"
  >
    <div
      class="CourseList_Container "
    >
      <ul
        class="  scrollable"
      >
        <li
          class="CourseListItem"
        >
          <a
            href="/courses/646e33a759eab5cd39bbb8a9"
          >
            <div
              class="CourseListItem_Body"
            >
              <div>
                <div>
                  subject1:#76351 - c1 
                </div>
                <div>
                  0 Students
                </div>
              </div>
              <div>
                <button
                  class=" DeleteButton IconButton"
                  data-testid="DeleteButton"
                >
                  <svg
                    aria-hidden="true"
                    class="svg-inline--fa fa-trash "
                    data-icon="trash"
                    data-prefix="fas"
                    focusable="false"
                    role="img"
                    viewBox="0 0 448 512"
                    xmlns="http://www.w3.org/2000/svg"
                  >
                    <path
                      d="M135.2 17.7L128 32H32C14.3 32 0 46.3 0 64S14.3 96 32 96H416c17.7 0 32-14.3 32-32s-14.3-32-32-32H320l-7.2-14.3C307.4 6.8 296.3 0 284.2 0H163.8c-12.1 0-23.2 6.8-28.6 17.7zM416 128H32L53.2 467c1.6 25.3 22.6 45 47.9 45H346.9c25.3 0 46.3-19.7 47.9-45L416 128z"
                      fill="currentColor"
                    />
                  </svg>
                </button>
              </div>
            </div>
          </a>
        </li>
        <li
          class="CourseListItem"
        >
          <a
            href="/courses/646e33a759eab5cd39bbb8aa"
          >
            <div
              class="CourseListItem_Body"
            >
              <div>
                <div>
                  subject2:#24034 - c2 
                </div>
                <div>
                  0 Students
                </div>
              </div>
              <div>
                <button
                  class=" DeleteButton IconButton"
                  data-testid="DeleteButton"
                >
                  <svg
                    aria-hidden="true"
                    class="svg-inline--fa fa-trash "
                    data-icon="trash"
                    data-prefix="fas"
                    focusable="false"
                    role="img"
                    viewBox="0 0 448 512"
                    xmlns="http://www.w3.org/2000/svg"
                  >
                    <path
                      d="M135.2 17.7L128 32H32C14.3 32 0 46.3 0 64S14.3 96 32 96H416c17.7 0 32-14.3 32-32s-14.3-32-32-32H320l-7.2-14.3C307.4 6.8 296.3 0 284.2 0H163.8c-12.1 0-23.2 6.8-28.6 17.7zM416 128H32L53.2 467c1.6 25.3 22.6 45 47.9 45H346.9c25.3 0 46.3-19.7 47.9-45L416 128z"
                      fill="currentColor"
                    />
                  </svg>
                </button>
              </div>
            </div>
          </a>
        </li>
        <li
          class="CourseListItem"
        >
          <a
            href="/courses/646e33a759eab5cd39bbb8ab"
          >
            <div
              class="CourseListItem_Body"
            >
              <div>
                <div>
                  subject3:#94630 - c3 
                </div>
                <div>
                  0 Students
                </div>
              </div>
              <div>
                <button
                  class=" DeleteButton IconButton"
                  data-testid="DeleteButton"
                >
                  <svg
                    aria-hidden="true"
                    class="svg-inline--fa fa-trash "
                    data-icon="trash"
                    data-prefix="fas"
                    focusable="false"
                    role="img"
                    viewBox="0 0 448 512"
                    xmlns="http://www.w3.org/2000/svg"
                  >
                    <path
                      d="M135.2 17.7L128 32H32C14.3 32 0 46.3 0 64S14.3 96 32 96H416c17.7 0 32-14.3 32-32s-14.3-32-32-32H320l-7.2-14.3C307.4 6.8 296.3 0 284.2 0H163.8c-12.1 0-23.2 6.8-28.6 17.7zM416 128H32L53.2 467c1.6 25.3 22.6 45 47.9 45H346.9c25.3 0 46.3-19.7 47.9-45L416 128z"
                      fill="currentColor"
                    />
                  </svg>
                </button>
              </div>
            </div>
          </a>
        </li>
      </ul>
    </div>
  </div>
  <div
    class="CourseList_add FAB"
    data-testid="fab"
    id="join-fab"
    style="bottom: 1rem; right: 1rem;"
  >
    <svg
      aria-hidden="true"
      class="svg-inline--fa fa-plus "
      data-icon="plus"
      data-prefix="fas"
      focusable="false"
      role="img"
      viewBox="0 0 448 512"
      xmlns="http://www.w3.org/2000/svg"
    >
      <path
        d="M256 80c0-17.7-14.3-32-32-32s-32 14.3-32 32V224H48c-17.7 0-32 14.3-32 32s14.3 32 32 32H192V432c0 17.7 14.3 32 32 32s32-14.3 32-32V288H400c17.7 0 32-14.3 32-32s-14.3-32-32-32H256V80z"
        fill="currentColor"
      />
    </svg>
  </div>
</DocumentFragment>
`;
